[H[J[1;1Herror: syntax error.
error: Incorrect command.
error: syntax error.
error: file `/boot/grub/i386-pc/vga.mod' not found.
VortexOS
[GDT] Initialized
[TSS] Initialized
[PMM] Initialized
[PAGING] Initialized
[SERIAL] Initialized
[TASK] Initialized
[VGA] Initialized
[IDT] Initialized
[SYSCALL] Initialized
[EXCEPTIONS] Initialized
[KEYBOARD] Initialized
[MOUSE] skip (deferred)
[ATAPI] found ch=0170 sel=A0 st=58
[ATAPI] drained identify
[ATAPI] CD on 0x170
[DISK] IDE0 master: IDE present
[AHCI] no SATA/AHCI controller found
[DISK] total drives: 1
[FAT32] Initialized
[ISO] joliet root

[WIZARD] VortexOS Installer
  The system on the CD-ROM differs
  from the one on the hard disk.
  
  Update the system on the hard disk?
