[H[J[1;1Herror: syntax error.
error: Incorrect command.
error: syntax error.
VortexOS
[GDT] Initialized
[TSS] Initialized
[PMM] Initialized
[PAGING] Initialized
[SERIAL] Initialized
[TASK] Initialized
[VGA] Initialized
[IDT] Initialized
[SYSCALL] Initialized
[EXCEPTIONS] Initialized
[KEYBOARD] Initialized
[VBE] LFB=FD000000 VRAM=01000000 bytes
[VBE] init ok
[ATAPI] found ch=0170 sel=A0 st=58
[ATAPI] drained identify
[ATAPI] CD on 0x170
[FAT32] Init failed

[WIZARD] VortexOS Installer
  Hard disk is not formatted.
  
  Format the disk and install
  VortexOS to it?

[WIZARD] VortexOS Installer
  Hard disk is not formatted.
  
  Run VortexOS from the CD-ROM
  (no changes to the disk)?
[INSTALL] Running from CD-ROM this round
[PROBE] fsOpen /system/images/vortex.bmp: NO
[FPU] Initialized
Enable Interrupt
